ok: true
public too short: raised
public too long: raised
private too short: raised
private too long: raised
result too short: raised
result too long: raised
